Real Date,Bank Date,Payee,Bank Message,Amount,Currency,Balance,Foreign Currency,Foreign Currency Amount,Foreign Currency Rate,Original data,Raw Real Date,Raw Bank Date,Raw Payee,Raw Bank Message,Raw Amount,Raw Currency,Raw Balance,Raw Foreign Currency,Raw Foreign Currency Amount,Raw Foreign Currency Rate
,2020-10-22,,"Payment from WOLLSEN,FREDRIK",10.00,SEK,10.00,,,,"{'Completed Date': '22. Oct 2020', 'Reference': 'Payment from WOLLSEN,FREDRIK', 'Paid Out (SEK)': nan, 'Paid In (SEK)': '10,00\xa0', 'Exchange Out': nan, 'Exchange In': nan, ' Balance (SEK)': '10,00\xa0', 'Exchange Rate': '\xa0', 'Category': 'General'}",,22. Oct 2020,,"Payment from WOLLSEN,FREDRIK","10,00 ",SEK,"10,00 ",,,
