date,dateRaw,formattedUtcDate,lastInterpretTsAndDateErrorMessage,lastKnownTimeZone,lastParseLogCommentErrorMessage,lastSetTsAndDateErrorClass,lastSetTsAndDateErrorMessage,lastUsedTimeZone,line,lineWithComment,log,preprocessedContentsSourceLineIndex,rowsWithTimeMarkersHandled,sourceLine,ts,parseLogCommentDetectTimeStampMetadata.log,parseLogCommentDetectTimeStampMetadata.lastKnownsBeforeDetectTimeStamp.lastKnownDate,parseLogCommentDetectTimeStampMetadata.lastKnownsBeforeDetectTimeStamp.lastKnownTimeZone,parseLogCommentDetectTimeStampMetadata.lastKnownsBeforeDetectTimeStamp.lastUsedTimeZone,parseLogCommentDetectTimeStampMetadata.dateRawFormat,parseLogCommentDetectTimeStampMetadata.dateRaw,parseLogCommentDetectTimeStampMetadata.timeZoneRaw,parseLogCommentDetectTimeStampMetadata.timeRaw
2010-04-05,2010-04-05 14:20,2010-04-05 14:20,,UTC,,,,UTC,"2010-04-05 14:20, this timestamp is definitely wrong","2010-04-05 14:20, this timestamp is definitely wrong","['negative duration since last', 'Timestamp found: 2010-04-05 14:20:00 vs last found (based on duration since last which is -1200): 2010-04-05 14:40:00', '$previousRowWithTimeMarker line: pause->2010-04-05 14:40ca', 'sent to notParsed in processTheFirstRowOfALogComment']",30,17,28,1270477200,"[""Found a supported timestamp ('Y-m-d H:i')""]",2010-04-05,UTC,UTC,Y-m-d H:i,2010-04-05 14:20,False,14:20
