Raw Ignore,Raw Source lines,Raw Session,Raw UTC Timestamp,Raw Date,Raw Date Text,Raw Timezone,Raw Text,Raw Hours,Raw Hours Rounded,Raw Annotation,Raw Year,Raw Year-half,Raw Month,Raw Week,Raw Client,Raw Invoice,Raw Invoice row ordinal,Raw Invoice row item,Raw Invoice row item category,Raw Invoice row item reference,Raw Invoice hours,Ignore,Source lines,Session,UTC Timestamp,Date,Date Text,Timezone,Text,Hours,Hours Rounded,Annotation,Year,Year-half,Month,Week,Client,Invoice,Invoice row ordinal,Invoice row item,Invoice row item category,Invoice row item reference,Invoice hours,Original data
