Timestamp,date,counts,different_geonames,different_countries,coordinates,last_known_coordinates,km_distance_since_last
,2011-05-10,2,{'Arsta'},{'SE'},"[(59.236109, 18.058934), (59.236109, 18.058934)]",,
,2011-05-11,3,{'Arsta'},{'SE'},"[(59.236109, 18.058934), (59.236109, 18.058934), (59.236109, 18.058934)]","[(59.236109, 18.058934), (59.236109, 18.058934)]",0.0
,2017-08-13,7,"{'Helsinki', 'Vantaa'}",{'FI'},"[(60.2954447, 24.9547708), (60.1859287, 24.975057), (60.1874212, 24.9720713), (60.1876053, 24.9721912), (60.1871232, 24.9726885), (60.1867323, 24.9732745), (60.1838714, 24.9665711)]","[(59.236109, 18.058934), (59.236109, 18.058934), (59.236109, 18.058934)]",402.68509738331954
,2017-08-26,5,{'Asikkala'},{'FI'},"[(61.1094555555556, 25.5836833333333), (61.1096027777778, 25.5840083333333), (61.1094083333333, 25.5838444444444), (61.1094083333333, 25.5838444444444), (61.1093638888889, 25.5839)]","[(60.2954447, 24.9547708), (60.1859287, 24.975057), (60.1874212, 24.9720713), (60.1876053, 24.9721912), (60.1871232, 24.9726885), (60.1867323, 24.9732745), (60.1838714, 24.9665711)]",108.50955536653044
,2017-09-13,2,{'Enontekioe'},{'FI'},"[(68.2877, 23.8289), (68.2877, 23.8289)]","[(61.1094555555556, 25.5836833333333), (61.1096027777778, 25.5840083333333), (61.1094083333333, 25.5838444444444), (61.1094083333333, 25.5838444444444), (61.1093638888889, 25.5839)]",804.5770727922828
,2017-10-26,3,{'Dublin'},{'IE'},"[(53.3445, -6.2628), (53.3444888888889, -6.2628), (53.3444888888889, -6.2628)]","[(68.2877, 23.8289), (68.2877, 23.8289)]",2290.5592732889027
,2019-08-20,4,{'Vantaa'},{'FI'},"[(60.3346742, 24.951118), (60.3346742, 24.951118), (60.3346742, 24.951118), (60.3346742, 24.951118)]","[(53.3445, -6.2628), (53.3444888888889, -6.2628), (53.3444888888889, -6.2628)]",2033.821226298252
,2019-08-21,2,{'Vantaa'},{'FI'},"[(60.3346622, 24.9511323), (60.3346752, 24.951119)]","[(60.3346742, 24.951118), (60.3346742, 24.951118), (60.3346742, 24.951118), (60.3346742, 24.951118)]",0.00012435801442570483
