Real Date,Bank Date,Payee,Bank Message,Amount,Currency,Balance,Foreign Currency,Foreign Currency Amount,Foreign Currency Rate,Original data,Raw Real Date,Raw Bank Date,Raw Payee,Raw Bank Message,Raw Amount,Raw Currency,Raw Balance,Raw Foreign Currency,Raw Foreign Currency Amount,Raw Foreign Currency Rate
2021-04-03 09:50:10,2021-04-03 09:50:12,,Apple Pay Top-Up by *1234,100.00,EUR,113.00,,,,"{'Type': 'TOPUP', 'Product': 'Current', 'Started Date': '2021-04-03 09:50:10', 'Completed Date': '2021-04-03 09:50:12', 'Description': 'Apple Pay Top-Up by *1234', 'Amount': 100.0, 'Fee': 0.0, 'Currency': 'EUR', 'State': 'COMPLETED', 'Balance': 113.0}",2021-04-03 09:50:10,2021-04-03 09:50:12,,Apple Pay Top-Up by *1234,100.0,EUR,113.0,,,
2021-04-03 09:50:29,2021-04-03 09:50:29,,Exchanged to SEK,-50.00,EUR,63.00,,,,"{'Type': 'EXCHANGE', 'Product': 'Current', 'Started Date': '2021-04-03 09:50:29', 'Completed Date': '2021-04-03 09:50:29', 'Description': 'Exchanged to SEK', 'Amount': -50.0, 'Fee': 0.0, 'Currency': 'EUR', 'State': 'COMPLETED', 'Balance': 63.0}",2021-04-03 09:50:29,2021-04-03 09:50:29,,Exchanged to SEK,-50.0,EUR,63.0,,,
2021-04-06 08:05:15,2021-04-06 08:05:18,,Apple Pay Top-Up by *1234,100.00,EUR,163.00,,,,"{'Type': 'TOPUP', 'Product': 'Current', 'Started Date': '2021-04-06 08:05:15', 'Completed Date': '2021-04-06 08:05:18', 'Description': 'Apple Pay Top-Up by *1234', 'Amount': 100.0, 'Fee': 0.0, 'Currency': 'EUR', 'State': 'COMPLETED', 'Balance': 163.0}",2021-04-06 08:05:15,2021-04-06 08:05:18,,Apple Pay Top-Up by *1234,100.0,EUR,163.0,,,
2021-04-06 08:05:38,2021-04-06 08:05:38,,Exchanged to SEK,-48.69,EUR,114.31,,,,"{'Type': 'EXCHANGE', 'Product': 'Current', 'Started Date': '2021-04-06 08:05:38', 'Completed Date': '2021-04-06 08:05:38', 'Description': 'Exchanged to SEK', 'Amount': -48.69, 'Fee': 0.0, 'Currency': 'EUR', 'State': 'COMPLETED', 'Balance': 114.31}",2021-04-06 08:05:38,2021-04-06 08:05:38,,Exchanged to SEK,-48.69,EUR,114.31,,,
