Real Date,Bank Date,Payee,Bank Message,Amount,Currency,Balance,Foreign Currency,Foreign Currency Amount,Foreign Currency Rate,Original data,Raw Real Date,Raw Bank Date,Raw Payee,Raw Bank Message,Raw Amount,Raw Currency,Raw Balance,Raw Foreign Currency,Raw Foreign Currency Amount,Raw Foreign Currency Rate
2022-01-03 10:53:10,2022-01-04 11:04:34,,apple.com/bill,-9.99,EUR,535.96,,,,"{'Type': 'CARD_PAYMENT', 'Product': 'Current', 'Started Date': '2022-01-03 10:53:10', 'Completed Date': '2022-01-04 11:04:34', 'Description': 'apple.com/bill', 'Amount': -9.99, 'Fee': 0.0, 'Currency': 'EUR', 'State': 'COMPLETED', 'Balance': 535.96}",2022-01-03 10:53:10,2022-01-04 11:04:34,,apple.com/bill,-9.99,EUR,535.96,,,
