Real Date,Bank Date,Payer,Payee,Bank Message,Amount,Balance,Currency,Original data,Raw Real Date,Raw Bank Date,Raw Payer,Raw Payee,Raw Bank Message,Raw Amount,Raw Balance,Raw Currency
,2021-04-15,FI38 1470 3500 9194 88,,Capperi,-21.80,,EUR,"{'Bokföringsdag': '15.04.2021', 'Belopp': -21.8, 'Avsändare': 'FI38 1470 3500 9194 88', 'Mottagare': nan, 'Namn': nan, 'Rubrik': 'Capperi', 'Saldo': None, 'Referensnummer': nan, 'Valuta': 'EUR'}",,15.04.2021,FI38 1470 3500 9194 88,,Capperi,-21.8,,EUR
,2021-01-05,,FI38 1470 3500 9194 88,FOO OYJ,59.70,,EUR,"{'Bokföringsdag': '05.01.2021', 'Belopp': 59.7, 'Avsändare': nan, 'Mottagare': 'FI38 1470 3500 9194 88', 'Namn': nan, 'Rubrik': 'FOO OYJ', 'Saldo': None, 'Referensnummer': 123456789012345.0, 'Valuta': 'EUR'}",,05.01.2021,,FI38 1470 3500 9194 88,FOO OYJ,59.7,,EUR
