Real Date,Bank Date,Payer,Payee,Bank Message,Amount,Balance,Currency,Original data,Raw Real Date,Raw Bank Date,Raw Payer,Raw Payee,Raw Bank Message,Raw Amount,Raw Balance,Raw Currency
,2022-09-28,FI12 3456 7890 1234 56,,Nordea Bank Abp,-7.00,,EUR,"{'Bokföringsdag': '2022/09/28', 'Belopp': -7.0, 'Avsändare': 'FI12 3456 7890 1234 56', 'Mottagare': nan, 'Namn': nan, 'Rubrik': 'Nordea Bank Abp', 'Saldo': None, 'Referensnummer': nan, 'Valuta': 'EUR'}",,2022/09/28,FI12 3456 7890 1234 56,,Nordea Bank Abp,-7.0,,EUR
,2022-09-26,FI12 3456 7890 1234 56,,PAYPAL *FOO,-2.00,,EUR,"{'Bokföringsdag': '2022/09/26', 'Belopp': -2.0, 'Avsändare': 'FI12 3456 7890 1234 56', 'Mottagare': nan, 'Namn': nan, 'Rubrik': 'PAYPAL *FOO', 'Saldo': None, 'Referensnummer': nan, 'Valuta': 'EUR'}",,2022/09/26,FI12 3456 7890 1234 56,,PAYPAL *FOO,-2.0,,EUR
