Real Date,Bank Date,Payee,Bank Message,Amount,Balance,Foreign Currency,Foreign Currency Amount,Foreign Currency Rate,Original data,Raw Real Date,Raw Bank Date,Raw Payee,Raw Bank Message,Raw Amount,Raw Balance,Raw Foreign Currency,Raw Foreign Currency Amount,Raw Foreign Currency Rate
,2021-01-31,,From  MR X,1234.00,,EUR,,,"{'TransactionDate': Timestamp('2021-01-31 00:00:00'), 'Text': 'From  MR X', 'Type': 'Betalning', 'Currency Amount': None, 'Currency Rate': None, 'Currency': 'EUR', 'Amount': 1234, 'Merchant Area': None, 'Merchant Category': None, 'BookDate': Timestamp('2021-02-02 00:00:00'), 'ValueDate': Timestamp('2021-01-31 00:00:00')}",,2021-01-31,,From  MR X,1234,,EUR,,
